
Running 7 tests using 4 workers

  Γ£ÿ  2 [chromium] ΓÇ║ tests\hierarchy_manager.spec.ts:49:7 ΓÇ║ Feature 2.1: Hierarchy Manager (US 2.1) ΓÇ║ Negative Case: Should prevent orphan site creation without project selection (9.1s)
  Γ£ÿ  1 [chromium] ΓÇ║ tests\shift_configurator.spec.ts:18:7 ΓÇ║ Feature 2.2: Shift & Roster Configurator (US 2.2) ΓÇ║ Happy Path: Should successfully change shift rules (11.0s)
  Γ£ÿ  5 [chromium] ΓÇ║ tests\shift_configurator.spec.ts:32:7 ΓÇ║ Feature 2.2: Shift & Roster Configurator (US 2.2) ΓÇ║ Negative Case: Save button should remain disabled before any change (7.9s)
  Γ£ÿ  6 [chromium] ΓÇ║ tests\shift_configurator.spec.ts:37:7 ΓÇ║ Feature 2.2: Shift & Roster Configurator (US 2.2) ΓÇ║ Negative Case: Grace period should not exceed 60 minutes (8.5s)
  Γ£ÿ  3 [chromium] ΓÇ║ tests\hierarchy_manager.spec.ts:18:7 ΓÇ║ Feature 2.1: Hierarchy Manager (US 2.1) ΓÇ║ Happy Path: Should successfully add a new Site under a Project (30.1s)
  Γ£ÿ  4 [chromium] ΓÇ║ tests\hierarchy_manager.spec.ts:37:7 ΓÇ║ Feature 2.1: Hierarchy Manager (US 2.1) ΓÇ║ Negative Case: Location Code should reject more than 5 characters (30.2s)
  Γ£ÿ  7 [chromium] ΓÇ║ tests\shift_configurator.spec.ts:43:7 ΓÇ║ Feature 2.2: Shift & Roster Configurator (US 2.2) ΓÇ║ Negative Case: Should block saving if no working days are selected (6.8s)


  1) [chromium] ΓÇ║ tests\hierarchy_manager.spec.ts:18:7 ΓÇ║ Feature 2.1: Hierarchy Manager (US 2.1) ΓÇ║ Happy Path: Should successfully add a new Site under a Project 

    [31mTest timeout of 30000ms exceeded.[39m

    Error: locator.click: Test timeout of 30000ms exceeded.
    Call log:
    [2m  - waiting for locator('.MuiTreeItem-label').filter({ hasText: 'Advantis Group' }).first()[22m


      18 |   test('Happy Path: Should successfully add a new Site under a Project', async ({ page }) => {
      19 |     // 1. Expand tree and select a parent project
    > 20 |     await hierarchyPage.treeCompanyNode.click();
         |                                         ^
      21 |     await hierarchyPage.treeProjectNode.click();
      22 |     
      23 |     // 2. Click contextual action button
        at C:\Users\dunit\Desktop\Test Automation\tests\hierarchy_manager.spec.ts:20:41

    attachment #1: screenshot (image/png) ΓöÇΓöÇΓöÇΓöÇΓöÇΓöÇΓöÇΓöÇΓöÇΓöÇΓöÇΓöÇΓöÇΓöÇΓöÇΓöÇΓöÇΓöÇΓöÇΓöÇΓöÇΓöÇΓöÇΓöÇΓöÇΓöÇΓöÇΓöÇΓöÇΓöÇΓöÇΓöÇΓöÇΓöÇΓöÇΓöÇΓöÇΓöÇΓöÇΓöÇΓöÇΓöÇΓöÇΓöÇΓöÇΓöÇΓöÇΓöÇΓöÇΓöÇΓöÇΓöÇΓöÇΓöÇΓöÇΓöÇΓöÇΓöÇ
    test-results\hierarchy_manager-Feature--91757--a-new-Site-under-a-Project-chromium\test-failed-1.png
    ΓöÇΓöÇΓöÇΓöÇΓöÇΓöÇΓöÇΓöÇΓöÇΓöÇΓöÇΓöÇΓöÇΓöÇΓöÇΓöÇΓöÇΓöÇΓöÇΓöÇΓöÇΓöÇΓöÇΓöÇΓöÇΓöÇΓöÇΓöÇΓöÇΓöÇΓöÇΓöÇΓöÇΓöÇΓöÇΓöÇΓöÇΓöÇΓöÇΓöÇΓöÇΓöÇΓöÇΓöÇΓöÇΓöÇΓöÇΓöÇΓöÇΓöÇΓöÇΓöÇΓöÇΓöÇΓöÇΓöÇΓöÇΓöÇΓöÇΓöÇΓöÇΓöÇΓöÇΓöÇΓöÇΓöÇΓöÇΓöÇΓöÇΓöÇΓöÇΓöÇΓöÇΓöÇΓöÇΓöÇΓöÇΓöÇΓöÇΓöÇΓöÇΓöÇΓöÇΓöÇΓöÇΓöÇΓöÇΓöÇΓöÇΓöÇΓöÇΓöÇΓöÇΓöÇΓöÇΓöÇ

    Error Context: test-results\hierarchy_manager-Feature--91757--a-new-Site-under-a-Project-chromium\error-context.md

  2) [chromium] ΓÇ║ tests\hierarchy_manager.spec.ts:37:7 ΓÇ║ Feature 2.1: Hierarchy Manager (US 2.1) ΓÇ║ Negative Case: Location Code should reject more than 5 characters 

    [31mTest timeout of 30000ms exceeded.[39m

    Error: locator.click: Test timeout of 30000ms exceeded.
    Call log:
    [2m  - waiting for locator('.MuiTreeItem-label').filter({ hasText: 'Metro Line Expansion' }).first()[22m


      36 |
      37 |   test('Negative Case: Location Code should reject more than 5 characters', async ({ page }) => {
    > 38 |     await hierarchyPage.treeProjectNode.click();
         |                                         ^
      39 |     await hierarchyPage.addSiteBtn.click();
      40 |     
      41 |     const locInput = page.locator('label:has-text("Location Code")');
        at C:\Users\dunit\Desktop\Test Automation\tests\hierarchy_manager.spec.ts:38:41

    attachment #1: screenshot (image/png) ΓöÇΓöÇΓöÇΓöÇΓöÇΓöÇΓöÇΓöÇΓöÇΓöÇΓöÇΓöÇΓöÇΓöÇΓöÇΓöÇΓöÇΓöÇΓöÇΓöÇΓöÇΓöÇΓöÇΓöÇΓöÇΓöÇΓöÇΓöÇΓöÇΓöÇΓöÇΓöÇΓöÇΓöÇΓöÇΓöÇΓöÇΓöÇΓöÇΓöÇΓöÇΓöÇΓöÇΓöÇΓöÇΓöÇΓöÇΓöÇΓöÇΓöÇΓöÇΓöÇΓöÇΓöÇΓöÇΓöÇΓöÇΓöÇ
    test-results\hierarchy_manager-Feature--69517-ject-more-than-5-characters-chromium\test-failed-1.png
    ΓöÇΓöÇΓöÇΓöÇΓöÇΓöÇΓöÇΓöÇΓöÇΓöÇΓöÇΓöÇΓöÇΓöÇΓöÇΓöÇΓöÇΓöÇΓöÇΓöÇΓöÇΓöÇΓöÇΓöÇΓöÇΓöÇΓöÇΓöÇΓöÇΓöÇΓöÇΓöÇΓöÇΓöÇΓöÇΓöÇΓöÇΓöÇΓöÇΓöÇΓöÇΓöÇΓöÇΓöÇΓöÇΓöÇΓöÇΓöÇΓöÇΓöÇΓöÇΓöÇΓöÇΓöÇΓöÇΓöÇΓöÇΓöÇΓöÇΓöÇΓöÇΓöÇΓöÇΓöÇΓöÇΓöÇΓöÇΓöÇΓöÇΓöÇΓöÇΓöÇΓöÇΓöÇΓöÇΓöÇΓöÇΓöÇΓöÇΓöÇΓöÇΓöÇΓöÇΓöÇΓöÇΓöÇΓöÇΓöÇΓöÇΓöÇΓöÇΓöÇΓöÇΓöÇΓöÇΓöÇ

    Error Context: test-results\hierarchy_manager-Feature--69517-ject-more-than-5-characters-chromium\error-context.md

  3) [chromium] ΓÇ║ tests\hierarchy_manager.spec.ts:49:7 ΓÇ║ Feature 2.1: Hierarchy Manager (US 2.1) ΓÇ║ Negative Case: Should prevent orphan site creation without project selection 

    Error: [2mexpect([22m[31mlocator[39m[2m).[22mtoBeDisabled[2m([22m[2m)[22m failed

    Locator: getByRole('button', { name: /Add Site to/i })
    Expected: disabled
    Timeout: 5000ms
    Error: element(s) not found

    Call log:
    [2m  - Expect "toBeDisabled" with timeout 5000ms[22m
    [2m  - waiting for getByRole('button', { name: /Add Site to/i })[22m


      50 |     // Navigate and immediately look for add site button (without selecting project)
      51 |     // The button should be disabled or hidden per acceptance criteria
    > 52 |     await expect(hierarchyPage.addSiteBtn).toBeDisabled();
         |                                            ^
      53 |   });
      54 | });
      55 |
        at C:\Users\dunit\Desktop\Test Automation\tests\hierarchy_manager.spec.ts:52:44

    attachment #1: screenshot (image/png) ΓöÇΓöÇΓöÇΓöÇΓöÇΓöÇΓöÇΓöÇΓöÇΓöÇΓöÇΓöÇΓöÇΓöÇΓöÇΓöÇΓöÇΓöÇΓöÇΓöÇΓöÇΓöÇΓöÇΓöÇΓöÇΓöÇΓöÇΓöÇΓöÇΓöÇΓöÇΓöÇΓöÇΓöÇΓöÇΓöÇΓöÇΓöÇΓöÇΓöÇΓöÇΓöÇΓöÇΓöÇΓöÇΓöÇΓöÇΓöÇΓöÇΓöÇΓöÇΓöÇΓöÇΓöÇΓöÇΓöÇΓöÇΓöÇ
    test-results\hierarchy_manager-Feature--c6491-n-without-project-selection-chromium\test-failed-1.png
    ΓöÇΓöÇΓöÇΓöÇΓöÇΓöÇΓöÇΓöÇΓöÇΓöÇΓöÇΓöÇΓöÇΓöÇΓöÇΓöÇΓöÇΓöÇΓöÇΓöÇΓöÇΓöÇΓöÇΓöÇΓöÇΓöÇΓöÇΓöÇΓöÇΓöÇΓöÇΓöÇΓöÇΓöÇΓöÇΓöÇΓöÇΓöÇΓöÇΓöÇΓöÇΓöÇΓöÇΓöÇΓöÇΓöÇΓöÇΓöÇΓöÇΓöÇΓöÇΓöÇΓöÇΓöÇΓöÇΓöÇΓöÇΓöÇΓöÇΓöÇΓöÇΓöÇΓöÇΓöÇΓöÇΓöÇΓöÇΓöÇΓöÇΓöÇΓöÇΓöÇΓöÇΓöÇΓöÇΓöÇΓöÇΓöÇΓöÇΓöÇΓöÇΓöÇΓöÇΓöÇΓöÇΓöÇΓöÇΓöÇΓöÇΓöÇΓöÇΓöÇΓöÇΓöÇΓöÇΓöÇ

    Error Context: test-results\hierarchy_manager-Feature--c6491-n-without-project-selection-chromium\error-context.md

  4) [chromium] ΓÇ║ tests\shift_configurator.spec.ts:18:7 ΓÇ║ Feature 2.2: Shift & Roster Configurator (US 2.2) ΓÇ║ Happy Path: Should successfully change shift rules 

    Error: [2mexpect([22m[31mlocator[39m[2m).[22mtoBeEnabled[2m([22m[2m)[22m failed

    Locator: getByRole('button', { name: 'Save Rules' })
    Expected: enabled
    Timeout: 5000ms
    Error: element(s) not found

    Call log:
    [2m  - Expect "toBeEnabled" with timeout 5000ms[22m
    [2m  - waiting for getByRole('button', { name: 'Save Rules' })[22m


      23 |     await shiftPage.mondayCheckbox.check();
      24 |     
    > 25 |     await expect(shiftPage.saveRulesBtn).toBeEnabled();
         |                                          ^
      26 |     await shiftPage.saveRulesBtn.click();
      27 |     
      28 |     // Assert optimistic update (no refresh required)
        at C:\Users\dunit\Desktop\Test Automation\tests\shift_configurator.spec.ts:25:42

    attachment #1: screenshot (image/png) ΓöÇΓöÇΓöÇΓöÇΓöÇΓöÇΓöÇΓöÇΓöÇΓöÇΓöÇΓöÇΓöÇΓöÇΓöÇΓöÇΓöÇΓöÇΓöÇΓöÇΓöÇΓöÇΓöÇΓöÇΓöÇΓöÇΓöÇΓöÇΓöÇΓöÇΓöÇΓöÇΓöÇΓöÇΓöÇΓöÇΓöÇΓöÇΓöÇΓöÇΓöÇΓöÇΓöÇΓöÇΓöÇΓöÇΓöÇΓöÇΓöÇΓöÇΓöÇΓöÇΓöÇΓöÇΓöÇΓöÇΓöÇΓöÇ
    test-results\shift_configurator-Feature-585eb-essfully-change-shift-rules-chromium\test-failed-1.png
    ΓöÇΓöÇΓöÇΓöÇΓöÇΓöÇΓöÇΓöÇΓöÇΓöÇΓöÇΓöÇΓöÇΓöÇΓöÇΓöÇΓöÇΓöÇΓöÇΓöÇΓöÇΓöÇΓöÇΓöÇΓöÇΓöÇΓöÇΓöÇΓöÇΓöÇΓöÇΓöÇΓöÇΓöÇΓöÇΓöÇΓöÇΓöÇΓöÇΓöÇΓöÇΓöÇΓöÇΓöÇΓöÇΓöÇΓöÇΓöÇΓöÇΓöÇΓöÇΓöÇΓöÇΓöÇΓöÇΓöÇΓöÇΓöÇΓöÇΓöÇΓöÇΓöÇΓöÇΓöÇΓöÇΓöÇΓöÇΓöÇΓöÇΓöÇΓöÇΓöÇΓöÇΓöÇΓöÇΓöÇΓöÇΓöÇΓöÇΓöÇΓöÇΓöÇΓöÇΓöÇΓöÇΓöÇΓöÇΓöÇΓöÇΓöÇΓöÇΓöÇΓöÇΓöÇΓöÇΓöÇ

    Error Context: test-results\shift_configurator-Feature-585eb-essfully-change-shift-rules-chromium\error-context.md

  5) [chromium] ΓÇ║ tests\shift_configurator.spec.ts:32:7 ΓÇ║ Feature 2.2: Shift & Roster Configurator (US 2.2) ΓÇ║ Negative Case: Save button should remain disabled before any change 

    Error: [2mexpect([22m[31mlocator[39m[2m).[22mtoBeDisabled[2m([22m[2m)[22m failed

    Locator: getByRole('button', { name: 'Save Rules' })
    Expected: disabled
    Timeout: 5000ms
    Error: element(s) not found

    Call log:
    [2m  - Expect "toBeDisabled" with timeout 5000ms[22m
    [2m  - waiting for getByRole('button', { name: 'Save Rules' })[22m


      32 |   test('Negative Case: Save button should remain disabled before any change', async ({ page }) => {
      33 |     await shiftPage.categoryTabMan1.click();
    > 34 |     await expect(shiftPage.saveRulesBtn).toBeDisabled();
         |                                          ^
      35 |   });
      36 |
      37 |   test('Negative Case: Grace period should not exceed 60 minutes', async ({ page }) => {
        at C:\Users\dunit\Desktop\Test Automation\tests\shift_configurator.spec.ts:34:42

    attachment #1: screenshot (image/png) ΓöÇΓöÇΓöÇΓöÇΓöÇΓöÇΓöÇΓöÇΓöÇΓöÇΓöÇΓöÇΓöÇΓöÇΓöÇΓöÇΓöÇΓöÇΓöÇΓöÇΓöÇΓöÇΓöÇΓöÇΓöÇΓöÇΓöÇΓöÇΓöÇΓöÇΓöÇΓöÇΓöÇΓöÇΓöÇΓöÇΓöÇΓöÇΓöÇΓöÇΓöÇΓöÇΓöÇΓöÇΓöÇΓöÇΓöÇΓöÇΓöÇΓöÇΓöÇΓöÇΓöÇΓöÇΓöÇΓöÇΓöÇΓöÇ
    test-results\shift_configurator-Feature-ab70e--disabled-before-any-change-chromium\test-failed-1.png
    ΓöÇΓöÇΓöÇΓöÇΓöÇΓöÇΓöÇΓöÇΓöÇΓöÇΓöÇΓöÇΓöÇΓöÇΓöÇΓöÇΓöÇΓöÇΓöÇΓöÇΓöÇΓöÇΓöÇΓöÇΓöÇΓöÇΓöÇΓöÇΓöÇΓöÇΓöÇΓöÇΓöÇΓöÇΓöÇΓöÇΓöÇΓöÇΓöÇΓöÇΓöÇΓöÇΓöÇΓöÇΓöÇΓöÇΓöÇΓöÇΓöÇΓöÇΓöÇΓöÇΓöÇΓöÇΓöÇΓöÇΓöÇΓöÇΓöÇΓöÇΓöÇΓöÇΓöÇΓöÇΓöÇΓöÇΓöÇΓöÇΓöÇΓöÇΓöÇΓöÇΓöÇΓöÇΓöÇΓöÇΓöÇΓöÇΓöÇΓöÇΓöÇΓöÇΓöÇΓöÇΓöÇΓöÇΓöÇΓöÇΓöÇΓöÇΓöÇΓöÇΓöÇΓöÇΓöÇΓöÇ

    Error Context: test-results\shift_configurator-Feature-ab70e--disabled-before-any-change-chromium\error-context.md

  6) [chromium] ΓÇ║ tests\shift_configurator.spec.ts:37:7 ΓÇ║ Feature 2.2: Shift & Roster Configurator (US 2.2) ΓÇ║ Negative Case: Grace period should not exceed 60 minutes 

    Error: [2mexpect([22m[31mlocator[39m[2m).[22mtoBeVisible[2m([22m[2m)[22m failed

    Locator: getByText('Max 60 mins allowed')
    Expected: visible
    Timeout: 5000ms
    Error: element(s) not found

    Call log:
    [2m  - Expect "toBeVisible" with timeout 5000ms[22m
    [2m  - waiting for getByText('Max 60 mins allowed')[22m


      38 |     await shiftPage.inGraceInput.fill('75');
      39 |     // Verify an error is displayed or field is blocked
    > 40 |     await expect(page.getByText('Max 60 mins allowed')).toBeVisible();
         |                                                         ^
      41 |   });
      42 |
      43 |   test('Negative Case: Should block saving if no working days are selected', async ({ page }) => {
        at C:\Users\dunit\Desktop\Test Automation\tests\shift_configurator.spec.ts:40:57

    attachment #1: screenshot (image/png) ΓöÇΓöÇΓöÇΓöÇΓöÇΓöÇΓöÇΓöÇΓöÇΓöÇΓöÇΓöÇΓöÇΓöÇΓöÇΓöÇΓöÇΓöÇΓöÇΓöÇΓöÇΓöÇΓöÇΓöÇΓöÇΓöÇΓöÇΓöÇΓöÇΓöÇΓöÇΓöÇΓöÇΓöÇΓöÇΓöÇΓöÇΓöÇΓöÇΓöÇΓöÇΓöÇΓöÇΓöÇΓöÇΓöÇΓöÇΓöÇΓöÇΓöÇΓöÇΓöÇΓöÇΓöÇΓöÇΓöÇΓöÇΓöÇ
    test-results\shift_configurator-Feature-d7ea3-hould-not-exceed-60-minutes-chromium\test-failed-1.png
    ΓöÇΓöÇΓöÇΓöÇΓöÇΓöÇΓöÇΓöÇΓöÇΓöÇΓöÇΓöÇΓöÇΓöÇΓöÇΓöÇΓöÇΓöÇΓöÇΓöÇΓöÇΓöÇΓöÇΓöÇΓöÇΓöÇΓöÇΓöÇΓöÇΓöÇΓöÇΓöÇΓöÇΓöÇΓöÇΓöÇΓöÇΓöÇΓöÇΓöÇΓöÇΓöÇΓöÇΓöÇΓöÇΓöÇΓöÇΓöÇΓöÇΓöÇΓöÇΓöÇΓöÇΓöÇΓöÇΓöÇΓöÇΓöÇΓöÇΓöÇΓöÇΓöÇΓöÇΓöÇΓöÇΓöÇΓöÇΓöÇΓöÇΓöÇΓöÇΓöÇΓöÇΓöÇΓöÇΓöÇΓöÇΓöÇΓöÇΓöÇΓöÇΓöÇΓöÇΓöÇΓöÇΓöÇΓöÇΓöÇΓöÇΓöÇΓöÇΓöÇΓöÇΓöÇΓöÇΓöÇ

    Error Context: test-results\shift_configurator-Feature-d7ea3-hould-not-exceed-60-minutes-chromium\error-context.md

  7) [chromium] ΓÇ║ tests\shift_configurator.spec.ts:43:7 ΓÇ║ Feature 2.2: Shift & Roster Configurator (US 2.2) ΓÇ║ Negative Case: Should block saving if no working days are selected 

    Error: [2mexpect([22m[31mlocator[39m[2m).[22mtoBeDisabled[2m([22m[2m)[22m failed

    Locator: getByRole('button', { name: 'Save Rules' })
    Expected: disabled
    Timeout: 5000ms
    Error: element(s) not found

    Call log:
    [2m  - Expect "toBeDisabled" with timeout 5000ms[22m
    [2m  - waiting for getByRole('button', { name: 'Save Rules' })[22m


      47 |         await checkboxes.nth(i).uncheck();
      48 |     }
    > 49 |     await expect(shiftPage.saveRulesBtn).toBeDisabled();
         |                                          ^
      50 |   });
      51 | });
      52 |
        at C:\Users\dunit\Desktop\Test Automation\tests\shift_configurator.spec.ts:49:42

    attachment #1: screenshot (image/png) ΓöÇΓöÇΓöÇΓöÇΓöÇΓöÇΓöÇΓöÇΓöÇΓöÇΓöÇΓöÇΓöÇΓöÇΓöÇΓöÇΓöÇΓöÇΓöÇΓöÇΓöÇΓöÇΓöÇΓöÇΓöÇΓöÇΓöÇΓöÇΓöÇΓöÇΓöÇΓöÇΓöÇΓöÇΓöÇΓöÇΓöÇΓöÇΓöÇΓöÇΓöÇΓöÇΓöÇΓöÇΓöÇΓöÇΓöÇΓöÇΓöÇΓöÇΓöÇΓöÇΓöÇΓöÇΓöÇΓöÇΓöÇΓöÇ
    test-results\shift_configurator-Feature-fdd07-o-working-days-are-selected-chromium\test-failed-1.png
    ΓöÇΓöÇΓöÇΓöÇΓöÇΓöÇΓöÇΓöÇΓöÇΓöÇΓöÇΓöÇΓöÇΓöÇΓöÇΓöÇΓöÇΓöÇΓöÇΓöÇΓöÇΓöÇΓöÇΓöÇΓöÇΓöÇΓöÇΓöÇΓöÇΓöÇΓöÇΓöÇΓöÇΓöÇΓöÇΓöÇΓöÇΓöÇΓöÇΓöÇΓöÇΓöÇΓöÇΓöÇΓöÇΓöÇΓöÇΓöÇΓöÇΓöÇΓöÇΓöÇΓöÇΓöÇΓöÇΓöÇΓöÇΓöÇΓöÇΓöÇΓöÇΓöÇΓöÇΓöÇΓöÇΓöÇΓöÇΓöÇΓöÇΓöÇΓöÇΓöÇΓöÇΓöÇΓöÇΓöÇΓöÇΓöÇΓöÇΓöÇΓöÇΓöÇΓöÇΓöÇΓöÇΓöÇΓöÇΓöÇΓöÇΓöÇΓöÇΓöÇΓöÇΓöÇΓöÇΓöÇ

    Error Context: test-results\shift_configurator-Feature-fdd07-o-working-days-are-selected-chromium\error-context.md

  7 failed
    [chromium] ΓÇ║ tests\hierarchy_manager.spec.ts:18:7 ΓÇ║ Feature 2.1: Hierarchy Manager (US 2.1) ΓÇ║ Happy Path: Should successfully add a new Site under a Project 
    [chromium] ΓÇ║ tests\hierarchy_manager.spec.ts:37:7 ΓÇ║ Feature 2.1: Hierarchy Manager (US 2.1) ΓÇ║ Negative Case: Location Code should reject more than 5 characters 
    [chromium] ΓÇ║ tests\hierarchy_manager.spec.ts:49:7 ΓÇ║ Feature 2.1: Hierarchy Manager (US 2.1) ΓÇ║ Negative Case: Should prevent orphan site creation without project selection 
    [chromium] ΓÇ║ tests\shift_configurator.spec.ts:18:7 ΓÇ║ Feature 2.2: Shift & Roster Configurator (US 2.2) ΓÇ║ Happy Path: Should successfully change shift rules 
    [chromium] ΓÇ║ tests\shift_configurator.spec.ts:32:7 ΓÇ║ Feature 2.2: Shift & Roster Configurator (US 2.2) ΓÇ║ Negative Case: Save button should remain disabled before any change 
    [chromium] ΓÇ║ tests\shift_configurator.spec.ts:37:7 ΓÇ║ Feature 2.2: Shift & Roster Configurator (US 2.2) ΓÇ║ Negative Case: Grace period should not exceed 60 minutes 
    [chromium] ΓÇ║ tests\shift_configurator.spec.ts:43:7 ΓÇ║ Feature 2.2: Shift & Roster Configurator (US 2.2) ΓÇ║ Negative Case: Should block saving if no working days are selected 
